../Drivers/CMSIS/Include/core_cm4.h:1676:26:__NVIC_GetPriorityGrouping	4	static
../Drivers/CMSIS/Include/core_cm4.h:1688:22:__NVIC_EnableIRQ	16	static
../Drivers/CMSIS/Include/core_cm4.h:1816:22:__NVIC_SetPriority	16	static
../Drivers/CMSIS/Include/core_cm4.h:1863:26:NVIC_EncodePriority	40	static
../Core/Src/main.c:78:6:EXTI3_IRQHandler	8	static
../Core/Src/main.c:108:6:EXTI9_5_IRQHandler	8	static
../Core/Src/main.c:141:5:main	16	static
../Core/Src/main.c:197:6:set_interrupt_priority	24	static
../Core/Src/main.c:206:6:configure_GPIO	24	static
../Core/Src/main.c:226:6:SystemClock_Config	160	static
../Core/Src/main.c:269:13:MX_USART2_UART_Init	4	static
../Core/Src/main.c:342:6:Error_Handler	4	static,ignoring_inline_asm
