../Drivers/CMSIS/Include/core_cm4.h:1688:22:__NVIC_EnableIRQ	16	static
../Drivers/CMSIS/Include/core_cm4.h:1816:22:__NVIC_SetPriority	16	static
../Core/Src/main.c:93:6:TIM4_IRQHandler	16	static
../Core/Src/main.c:141:5:main	16	static,ignoring_inline_asm
../Core/Src/main.c:187:7:myPD	32	static
../Core/Src/main.c:204:8:TIM3_Configuration	4	static
../Core/Src/main.c:229:6:SystemClock_Config	160	static
../Core/Src/main.c:276:6:Timer4_Init	8	static
../Core/Src/main.c:321:13:MX_GPIO_Init	16	static
../Core/Src/main.c:341:6:Error_Handler	4	static,ignoring_inline_asm
