Archive member included to satisfy reference by file (symbol)

C:/ST/STM32CubeIDE_1.15.0/STM32CubeIDE/plugins/com.st.stm32cube.ide.mcu.externaltools.gnu-tools-for-stm32.12.3.rel1.win32_1.0.100.202403111256/tools/bin/../lib/gcc/arm-none-eabi/12.3.1/../../../../arm-none-eabi/lib/thumb/v7e-m+fp/hard\libc_nano.a(libc_a-exit.o)
                              C:/ST/STM32CubeIDE_1.15.0/STM32CubeIDE/plugins/com.st.stm32cube.ide.mcu.externaltools.gnu-tools-for-stm32.12.3.rel1.win32_1.0.100.202403111256/tools/bin/../lib/gcc/arm-none-eabi/12.3.1/../../../../arm-none-eabi/lib/thumb/v7e-m+fp/hard/crt0.o (exit)
C:/ST/STM32CubeIDE_1.15.0/STM32CubeIDE/plugins/com.st.stm32cube.ide.mcu.externaltools.gnu-tools-for-stm32.12.3.rel1.win32_1.0.100.202403111256/tools/bin/../lib/gcc/arm-none-eabi/12.3.1/../../../../arm-none-eabi/lib/thumb/v7e-m+fp/hard\libc_nano.a(libc_a-findfp.o)
                              C:/ST/STM32CubeIDE_1.15.0/STM32CubeIDE/plugins/com.st.stm32cube.ide.mcu.externaltools.gnu-tools-for-stm32.12.3.rel1.win32_1.0.100.202403111256/tools/bin/../lib/gcc/arm-none-eabi/12.3.1/../../../../arm-none-eabi/lib/thumb/v7e-m+fp/hard\libc_nano.a(libc_a-exit.o) (__stdio_exit_handler)
C:/ST/STM32CubeIDE_1.15.0/STM32CubeIDE/plugins/com.st.stm32cube.ide.mcu.externaltools.gnu-tools-for-stm32.12.3.rel1.win32_1.0.100.202403111256/tools/bin/../lib/gcc/arm-none-eabi/12.3.1/../../../../arm-none-eabi/lib/thumb/v7e-m+fp/hard\libc_nano.a(libc_a-fwalk.o)
                              C:/ST/STM32CubeIDE_1.15.0/STM32CubeIDE/plugins/com.st.stm32cube.ide.mcu.externaltools.gnu-tools-for-stm32.12.3.rel1.win32_1.0.100.202403111256/tools/bin/../lib/gcc/arm-none-eabi/12.3.1/../../../../arm-none-eabi/lib/thumb/v7e-m+fp/hard\libc_nano.a(libc_a-findfp.o) (_fwalk_sglue)
C:/ST/STM32CubeIDE_1.15.0/STM32CubeIDE/plugins/com.st.stm32cube.ide.mcu.externaltools.gnu-tools-for-stm32.12.3.rel1.win32_1.0.100.202403111256/tools/bin/../lib/gcc/arm-none-eabi/12.3.1/../../../../arm-none-eabi/lib/thumb/v7e-m+fp/hard\libc_nano.a(libc_a-stdio.o)
                              C:/ST/STM32CubeIDE_1.15.0/STM32CubeIDE/plugins/com.st.stm32cube.ide.mcu.externaltools.gnu-tools-for-stm32.12.3.rel1.win32_1.0.100.202403111256/tools/bin/../lib/gcc/arm-none-eabi/12.3.1/../../../../arm-none-eabi/lib/thumb/v7e-m+fp/hard\libc_nano.a(libc_a-findfp.o) (__sread)
C:/ST/STM32CubeIDE_1.15.0/STM32CubeIDE/plugins/com.st.stm32cube.ide.mcu.externaltools.gnu-tools-for-stm32.12.3.rel1.win32_1.0.100.202403111256/tools/bin/../lib/gcc/arm-none-eabi/12.3.1/../../../../arm-none-eabi/lib/thumb/v7e-m+fp/hard\libc_nano.a(libc_a-memset.o)
                              C:/ST/STM32CubeIDE_1.15.0/STM32CubeIDE/plugins/com.st.stm32cube.ide.mcu.externaltools.gnu-tools-for-stm32.12.3.rel1.win32_1.0.100.202403111256/tools/bin/../lib/gcc/arm-none-eabi/12.3.1/../../../../arm-none-eabi/lib/thumb/v7e-m+fp/hard/crt0.o (memset)
C:/ST/STM32CubeIDE_1.15.0/STM32CubeIDE/plugins/com.st.stm32cube.ide.mcu.externaltools.gnu-tools-for-stm32.12.3.rel1.win32_1.0.100.202403111256/tools/bin/../lib/gcc/arm-none-eabi/12.3.1/../../../../arm-none-eabi/lib/thumb/v7e-m+fp/hard\libc_nano.a(libc_a-closer.o)
                              C:/ST/STM32CubeIDE_1.15.0/STM32CubeIDE/plugins/com.st.stm32cube.ide.mcu.externaltools.gnu-tools-for-stm32.12.3.rel1.win32_1.0.100.202403111256/tools/bin/../lib/gcc/arm-none-eabi/12.3.1/../../../../arm-none-eabi/lib/thumb/v7e-m+fp/hard\libc_nano.a(libc_a-stdio.o) (_close_r)
C:/ST/STM32CubeIDE_1.15.0/STM32CubeIDE/plugins/com.st.stm32cube.ide.mcu.externaltools.gnu-tools-for-stm32.12.3.rel1.win32_1.0.100.202403111256/tools/bin/../lib/gcc/arm-none-eabi/12.3.1/../../../../arm-none-eabi/lib/thumb/v7e-m+fp/hard\libc_nano.a(libc_a-reent.o)
                              C:/ST/STM32CubeIDE_1.15.0/STM32CubeIDE/plugins/com.st.stm32cube.ide.mcu.externaltools.gnu-tools-for-stm32.12.3.rel1.win32_1.0.100.202403111256/tools/bin/../lib/gcc/arm-none-eabi/12.3.1/../../../../arm-none-eabi/lib/thumb/v7e-m+fp/hard\libc_nano.a(libc_a-closer.o) (errno)
C:/ST/STM32CubeIDE_1.15.0/STM32CubeIDE/plugins/com.st.stm32cube.ide.mcu.externaltools.gnu-tools-for-stm32.12.3.rel1.win32_1.0.100.202403111256/tools/bin/../lib/gcc/arm-none-eabi/12.3.1/../../../../arm-none-eabi/lib/thumb/v7e-m+fp/hard\libc_nano.a(libc_a-impure.o)
                              C:/ST/STM32CubeIDE_1.15.0/STM32CubeIDE/plugins/com.st.stm32cube.ide.mcu.externaltools.gnu-tools-for-stm32.12.3.rel1.win32_1.0.100.202403111256/tools/bin/../lib/gcc/arm-none-eabi/12.3.1/../../../../arm-none-eabi/lib/thumb/v7e-m+fp/hard\libc_nano.a(libc_a-reent.o) (_impure_ptr)
C:/ST/STM32CubeIDE_1.15.0/STM32CubeIDE/plugins/com.st.stm32cube.ide.mcu.externaltools.gnu-tools-for-stm32.12.3.rel1.win32_1.0.100.202403111256/tools/bin/../lib/gcc/arm-none-eabi/12.3.1/../../../../arm-none-eabi/lib/thumb/v7e-m+fp/hard\libc_nano.a(libc_a-lseekr.o)
[...]
Memory Configuration

Name             Origin             Length             Attributes
CCMRAM           0x10000000         0x00004000         xrw
RAM              0x20000000         0x00010000         xrw
FLASH            0x08000000         0x00080000         xr
*default*        0x00000000         0xffffffff

Linker script and memory map

LOAD C:/ST/STM32CubeIDE_1.15.0/STM32CubeIDE/plugins/com.st.stm32cube.ide.mcu.externaltools.gnu-tools-for-stm32.12.3.rel1.win32_1.0.100.202403111256/tools/bin/../lib/gcc/arm-none-eabi/12.3.1/thumb/v7e-m+fp/hard/crti.o
LOAD C:/ST/STM32CubeIDE_1.15.0/STM32CubeIDE/plugins/com.st.stm32cube.ide.mcu.externaltools.gnu-tools-for-stm32.12.3.rel1.win32_1.0.100.202403111256/tools/bin/../lib/gcc/arm-none-eabi/12.3.1/thumb/v7e-m+fp/hard/crtbegin.o
LOAD C:/ST/STM32CubeIDE_1.15.0/STM32CubeIDE/plugins/com.st.stm32cube.ide.mcu.externaltools.gnu-tools-for-stm32.12.3.rel1.win32_1.0.100.202403111256/tools/bin/../lib/gcc/arm-none-eabi/12.3.1/../../../../arm-none-eabi/lib/thumb/v7e-m+fp/hard/crt0.o
LOAD ./Core/Src/main.o
LOAD ./Core/Src/stm32f3xx_hal_msp.o
LOAD ./Core/Src/stm32f3xx_it.o
LOAD ./Core/Src/syscalls.o
LOAD ./Core/Src/sysmem.o
LOAD ./Core/Src/system_stm32f3xx.o
LOAD ./Core/Startup/startup_stm32f303retx.o
LOAD ./Drivers/STM32F3xx_HAL_Driver/Src/stm32f3xx_hal.o
LOAD ./Drivers/STM32F3xx_HAL_Driver/Src/stm32f3xx_hal_cortex.o
LOAD ./Drivers/STM32F3xx_HAL_Driver/Src/stm32f3xx_hal_dma.o
LOAD ./Drivers/STM32F3xx_HAL_Driver/Src/stm32f3xx_hal_exti.o
LOAD ./Drivers/STM32F3xx_HAL_Driver/Src/stm32f3xx_hal_flash.o
LOAD ./Drivers/STM32F3xx_HAL_Driver/Src/stm32f3xx_hal_flash_ex.o
LOAD ./Drivers/STM32F3xx_HAL_Driver/Src/stm32f3xx_hal_gpio.o
LOAD ./Drivers/STM32F3xx_HAL_Driver/Src/stm32f3xx_hal_i2c.o
LOAD ./Drivers/STM32F3xx_HAL_Driver/Src/stm32f3xx_hal_i2c_ex.o
LOAD ./Drivers/STM32F3xx_HAL_Driver/Src/stm32f3xx_hal_pwr.o
LOAD ./Drivers/STM32F3xx_HAL_Driver/Src/stm32f3xx_hal_pwr_ex.o
LOAD ./Drivers/STM32F3xx_HAL_Driver/Src/stm32f3xx_hal_rcc.o
LOAD ./Drivers/STM32F3xx_HAL_Driver/Src/stm32f3xx_hal_rcc_ex.o
LOAD ./Drivers/STM32F3xx_HAL_Driver/Src/stm32f3xx_hal_uart.o
LOAD ./Drivers/STM32F3xx_HAL_Driver/Src/stm32f3xx_hal_uart_ex.o
START GROUP
LOAD C:/ST/STM32CubeIDE_1.15.0/STM32CubeIDE/plugins/com.st.stm32cube.ide.mcu.externaltools.gnu-tools-for-stm32.12.3.rel1.win32_1.0.100.202403111256/tools/bin/../lib/gcc/arm-none-eabi/12.3.1/../../../../arm-none-eabi/lib/thumb/v7e-m+fp/hard\libc_nano.a
LOAD C:/ST/STM32CubeIDE_1.15.0/STM32CubeIDE/plugins/com.st.stm32cube.ide.mcu.externaltools.gnu-tools-for-stm32.12.3.rel1.win32_1.0.100.202403111256/tools/bin/../lib/gcc/arm-none-eabi/12.3.1/../../../../arm-none-eabi/lib/thumb/v7e-m+fp/hard\libm.a
END GROUP
START GROUP
LOAD C:/ST/STM32CubeIDE_1.15.0/STM32CubeIDE/plugins/com.st.stm32cube.ide.mcu.externaltools.gnu-tools-for-stm32.12.3.rel1.win32_1.0.100.202403111256/tools/bin/../lib/gcc/arm-none-eabi/12.3.1/thumb/v7e-m+fp/hard\libgcc.a
LOAD C:/ST/STM32CubeIDE_1.15.0/STM32CubeIDE/plugins/com.st.stm32cube.ide.mcu.externaltools.gnu-tools-for-stm32.12.3.rel1.win32_1.0.100.202403111256/tools/bin/../lib/gcc/arm-none-eabi/12.3.1/../../../../arm-none-eabi/lib/thumb/v7e-m+fp/hard\libc_nano.a
END GROUP
START GROUP
LOAD C:/ST/STM32CubeIDE_1.15.0/STM32CubeIDE/plugins/com.st.stm32cube.ide.mcu.externaltools.gnu-tools-for-stm32.12.3.rel1.win32_1.0.100.202403111256/tools/bin/../lib/gcc/arm-none-eabi/12.3.1/thumb/v7e-m+fp/hard\libgcc.a
LOAD C:/ST/STM32CubeIDE_1.15.0/STM32CubeIDE/plugins/com.st.stm32cube.ide.mcu.externaltools.gnu-tools-for-stm32.12.3.rel1.win32_1.0.100.202403111256/tools/bin/../lib/gcc/arm-none-eabi/12.3.1/../../../../arm-none-eabi/lib/thumb/v7e-m+fp/hard\libc_nano.a
LOAD C:/ST/STM32CubeIDE_1.15.0/STM32CubeIDE/plugins/com.st.stm32cube.ide.mcu.externaltools.gnu-tools-for-stm32.12.3.rel1.win32_1.0.100.202403111256/tools/bin/../lib/gcc/arm-none-eabi/12.3.1/../../../../arm-none-eabi/lib/thumb/v7e-m+fp/hard\libnosys.a
END GROUP
START GROUP
LOAD C:/ST/STM32CubeIDE_1.15.0/STM32CubeIDE/plugins/com.st.stm32cube.ide.mcu.externaltools.gnu-tools-for-stm32.12.3.rel1.win32_1.0.100.202403111256/tools/bin/../lib/gcc/arm-none-eabi/12.3.1/thumb/v7e-m+fp/hard\libgcc.a
LOAD C:/ST/STM32CubeIDE_1.15.0/STM32CubeIDE/plugins/com.st.stm32cube.ide.mcu.externaltools.gnu-tools-for-stm32.12.3.rel1.win32_1.0.100.202403111256/tools/bin/../lib/gcc/arm-none-eabi/12.3.1/../../../../arm-none-eabi/lib/thumb/v7e-m+fp/hard\libc_nano.a
LOAD C:/ST/STM32CubeIDE_1.15.0/STM32CubeIDE/plugins/com.st.stm32cube.ide.mcu.externaltools.gnu-tools-for-stm32.12.3.rel1.win32_1.0.100.202403111256/tools/bin/../lib/gcc/arm-none-eabi/12.3.1/../../../../arm-none-eabi/lib/thumb/v7e-m+fp/hard\libnosys.a
END GROUP
LOAD C:/ST/STM32CubeIDE_1.15.0/STM32CubeIDE/plugins/com.st.stm32cube.ide.mcu.externaltools.gnu-tools-for-stm32.12.3.rel1.win32_1.0.100.202403111256/tools/bin/../lib/gcc/arm-none-eabi/12.3.1/thumb/v7e-m+fp/hard/crtend.o
LOAD C:/ST/STM32CubeIDE_1.15.0/STM32CubeIDE/plugins/com.st.stm32cube.ide.mcu.externaltools.gnu-tools-for-stm32.12.3.rel1.win32_1.0.100.202403111256/tools/bin/../lib/gcc/arm-none-eabi/12.3.1/thumb/v7e-m+fp/hard/crtn.o
                0x20010000                        _estack = (ORIGIN (RAM) + LENGTH (RAM))
                0x00000200                        _Min_Heap_Size = 0x200
                0x00000400                        _Min_Stack_Size = 0x400

.isr_vector     0x08000000      0x194
                0x08000000                        . = ALIGN (0x4)
 *(.isr_vector)
 .isr_vector    0x08000000      0x194 ./Core/Startup/startup_stm32f303retx.o
                0x08000000                g_pfnVectors
                0x08000194                        . = ALIGN (0x4)

.text           0x08000194     0x2274
                0x08000194                        . = ALIGN (0x4)
 *(.text)
 .text          0x08000194       0x40 C:/ST/STM32CubeIDE_1.15.0/STM32CubeIDE/plugins/com.st.stm32cube.ide.mcu.externaltools.gnu-tools-for-stm32.12.3.rel1.win32_1.0.100.202403111256/tools/bin/../lib/gcc/arm-none-eabi/12.3.1/thumb/v7e-m+fp/hard/crtbegin.o
 *(.text*)
 .text.__NVIC_GetPriorityGrouping
                0x080001d4       0x1c ./Core/Src/main.o
 .text.__NVIC_EnableIRQ
                0x080001f0       0x3c ./Core/Src/main.o
 .text.__NVIC_SetPriority
                0x0800022c       0x54 ./Core/Src/main.o
 .text.NVIC_EncodePriority
                0x08000280       0x66 ./Core/Src/main.o
 *fill*         0x080002e6        0x2 
 .text.EXTI3_IRQHandler
                0x080002e8       0xa8 ./Core/Src/main.o
                0x080002e8                EXTI3_IRQHandler
 .text.EXTI9_5_IRQHandler
                0x08000390       0xa4 ./Core/Src/main.o
                0x08000390                EXTI9_5_IRQHandler
 .text.main     0x08000434       0xf8 ./Core/Src/main.o
                0x08000434                main
 .text.set_interrupt_priority
                0x0800052c       0x32 ./Core/Src/main.o
                0x0800052c                set_interrupt_priority
 .text.configure_GPIO
                0x0800055e       0x98 ./Core/Src/main.o
                0x0800055e                configure_GPIO
 .text.SystemClock_Config
                0x080005f6       0xbc ./Core/Src/main.o
                0x080005f6                SystemClock_Config
 *fill*         0x080006b2        0x2 
 .text.MX_USART2_UART_Init
                0x080006b4       0x54 ./Core/Src/main.o
 .text.Error_Handler
                0x08000708        0xc ./Core/Src/main.o
                0x08000708                Error_Handler
 .text.HAL_MspInit
                0x08000714       0x48 ./Core/Src/stm32f3xx_hal_msp.o
                0x08000714                HAL_MspInit
 .text.NMI_Handler
                0x0800075c        0x8 ./Core/Src/stm32f3xx_it.o
                0x0800075c                NMI_Handler
 .text.HardFault_Handler
                0x08000764        0x8 ./Core/Src/stm32f3xx_it.o
                0x08000764                HardFault_Handler
 .text.MemManage_Handler
                0x0800076c        0x8 ./Core/Src/stm32f3xx_it.o
                0x0800076c                MemManage_Handler
 .text.BusFault_Handler
                0x08000774        0x8 ./Core/Src/stm32f3xx_it.o
                0x08000774                BusFault_Handler
 .text.UsageFault_Handler
                0x0800077c        0x8 ./Core/Src/stm32f3xx_it.o
                0x0800077c                UsageFault_Handler
 .text.SVC_Handler
                0x08000784        0xe ./Core/Src/stm32f3xx_it.o
                0x08000784                SVC_Handler
 .text.DebugMon_Handler
                0x08000792        0xe ./Core/Src/stm32f3xx_it.o
                0x08000792                DebugMon_Handler
 .text.PendSV_Handler
                0x080007a0        0xe ./Core/Src/stm32f3xx_it.o
                0x080007a0                PendSV_Handler
 .text.SysTick_Handler
                0x080007ae        0xc ./Core/Src/stm32f3xx_it.o
                0x080007ae                SysTick_Handler
 *fill*         0x080007ba        0x2 
 .text.SystemInit
                0x080007bc       0x24 ./Core/Src/system_stm32f3xx.o
                0x080007bc                SystemInit
 .text.Reset_Handler
                0x080007e0       0x50 ./Core/Startup/startup_stm32f303retx.o
                0x080007e0                Reset_Handler
 .text.Default_Handler
                0x08000830        0x2 ./Core/Startup/startup_stm32f303retx.o
                0x08000830                RTC_Alarm_IRQHandler
                0x08000830                TIM8_TRG_COM_IRQHandler
                0x08000830                TIM8_CC_IRQHandler
                0x08000830                SPI4_IRQHandler
                0x08000830                TIM1_CC_IRQHandler
                0x08000830                USB_HP_IRQHandler
                0x08000830                PVD_IRQHandler
                0x08000830                TAMP_STAMP_IRQHandler
                0x08000830                I2C3_ER_IRQHandler
                0x08000830                USB_HP_CAN_TX_IRQHandler
                0x08000830                EXTI0_IRQHandler
                0x08000830                I2C2_EV_IRQHandler
                0x08000830                FPU_IRQHandler
                0x08000830                TIM1_UP_TIM16_IRQHandler
                0x08000830                ADC1_2_IRQHandler
                0x08000830                SPI1_IRQHandler
                0x08000830                CAN_SCE_IRQHandler
                0x08000830                TIM6_DAC_IRQHandler
                0x08000830                TIM8_UP_IRQHandler
                0x08000830                DMA2_Channel2_IRQHandler
                0x08000830                DMA1_Channel4_IRQHandler
                0x08000830                TIM20_TRG_COM_IRQHandler
                0x08000830                USART3_IRQHandler
                0x08000830                DMA1_Channel7_IRQHandler
                0x08000830                UART5_IRQHandler
                0x08000830                ADC3_IRQHandler
                0x08000830                TIM4_IRQHandler
                0x08000830                CAN_RX1_IRQHandler
                0x08000830                DMA2_Channel1_IRQHandler
                0x08000830                I2C1_EV_IRQHandler
                0x08000830                DMA1_Channel6_IRQHandler
                0x08000830                UART4_IRQHandler
                0x08000830                DMA2_Channel4_IRQHandler
                0x08000830                TIM3_IRQHandler
                0x08000830                RCC_IRQHandler
                0x08000830                TIM20_UP_IRQHandler
                0x08000830                DMA1_Channel1_IRQHandler
                0x08000830                Default_Handler
                0x08000830                USBWakeUp_RMP_IRQHandler
                0x08000830                EXTI15_10_IRQHandler
                0x08000830                TIM7_IRQHandler
                0x08000830                I2C3_EV_IRQHandler
                0x08000830                RTC_WKUP_IRQHandler
                0x08000830                SPI2_IRQHandler
                0x08000830                USB_LP_CAN_RX0_IRQHandler
                0x08000830                DMA2_Channel5_IRQHandler
                0x08000830                DMA1_Channel5_IRQHandler
                0x08000830                USB_LP_IRQHandler
                0x08000830                EXTI4_IRQHandler
                0x08000830                TIM1_TRG_COM_TIM17_IRQHandler
                0x08000830                DMA1_Channel3_IRQHandler
                0x08000830                ADC4_IRQHandler
                0x08000830                WWDG_IRQHandler
                0x08000830                TIM2_IRQHandler
                0x08000830                COMP7_IRQHandler
                0x08000830                COMP1_2_3_IRQHandler
                0x08000830                EXTI1_IRQHandler
                0x08000830                USART2_IRQHandler
                0x08000830                COMP4_5_6_IRQHandler
                0x08000830                TIM20_BRK_IRQHandler
                0x08000830                I2C2_ER_IRQHandler
                0x08000830                DMA1_Channel2_IRQHandler
                0x08000830                TIM8_BRK_IRQHandler
                0x08000830                FLASH_IRQHandler
                0x08000830                TIM20_CC_IRQHandler
                0x08000830                USART1_IRQHandler
                0x08000830                SPI3_IRQHandler
                0x08000830                I2C1_ER_IRQHandler
                0x08000830                FMC_IRQHandler
                0x08000830                USBWakeUp_IRQHandler
                0x08000830                DMA2_Channel3_IRQHandler
                0x08000830                EXTI2_TSC_IRQHandler
                0x08000830                TIM1_BRK_TIM15_IRQHandler
 *fill*         0x08000832        0x2 
 .text.HAL_Init
                0x08000834       0x2c ./Drivers/STM32F3xx_HAL_Driver/Src/stm32f3xx_hal.o
                0x08000834                HAL_Init
 .text.HAL_InitTick
                0x08000860       0x60 ./Drivers/STM32F3xx_HAL_Driver/Src/stm32f3xx_hal.o
                0x08000860                HAL_InitTick
 .text.HAL_IncTick
                0x080008c0       0x28 ./Drivers/STM32F3xx_HAL_Driver/Src/stm32f3xx_hal.o
                0x080008c0                HAL_IncTick
 .text.HAL_GetTick
                0x080008e8       0x18 ./Drivers/STM32F3xx_HAL_Driver/Src/stm32f3xx_hal.o
                0x080008e8                HAL_GetTick
 .text.HAL_Delay
                0x08000900       0x48 ./Drivers/STM32F3xx_HAL_Driver/Src/stm32f3xx_hal.o
                0x08000900                HAL_Delay
 .text.__NVIC_SetPriorityGrouping
                0x08000948       0x48 ./Drivers/STM32F3xx_HAL_Driver/Src/stm32f3xx_hal_cortex.o
 .text.__NVIC_GetPriorityGrouping
                0x08000990       0x1c ./Drivers/STM32F3xx_HAL_Driver/Src/stm32f3xx_hal_cortex.o
 .text.__NVIC_SetPriority
                0x080009ac       0x54 ./Drivers/STM32F3xx_HAL_Driver/Src/stm32f3xx_hal_cortex.o
 .text.NVIC_EncodePriority
                0x08000a00       0x66 ./Drivers/STM32F3xx_HAL_Driver/Src/stm32f3xx_hal_cortex.o
 *fill*         0x08000a66        0x2 
 .text.SysTick_Config
                0x08000a68       0x44 ./Drivers/STM32F3xx_HAL_Driver/Src/stm32f3xx_hal_cortex.o
 .text.HAL_NVIC_SetPriorityGrouping
                0x08000aac       0x16 ./Drivers/STM32F3xx_HAL_Driver/Src/stm32f3xx_hal_cortex.o
                0x08000aac                HAL_NVIC_SetPriorityGrouping
 .text.HAL_NVIC_SetPriority
                0x08000ac2       0x38 ./Drivers/STM32F3xx_HAL_Driver/Src/stm32f3xx_hal_cortex.o
                0x08000ac2                HAL_NVIC_SetPriority
 .text.HAL_SYSTICK_Config
                0x08000afa       0x18 ./Drivers/STM32F3xx_HAL_Driver/Src/stm32f3xx_hal_cortex.o
                0x08000afa                HAL_SYSTICK_Config
 *fill*         0x08000b12        0x2 
 .text.HAL_RCC_OscConfig
                0x08000b14     0x10a8 ./Drivers/STM32F3xx_HAL_Driver/Src/stm32f3xx_hal_rcc.o
                0x08000b14                HAL_RCC_OscConfig
 .text.HAL_RCC_ClockConfig
                0x08001bbc      0x2f8 ./Drivers/STM32F3xx_HAL_Driver/Src/stm32f3xx_hal_rcc.o
                0x08001bbc                HAL_RCC_ClockConfig
 .text.HAL_RCC_GetSysClockFreq
                0x08001eb4       0xa8 ./Drivers/STM32F3xx_HAL_Driver/Src/stm32f3xx_hal_rcc.o
                0x08001eb4                HAL_RCC_GetSysClockFreq
 .text.HAL_RCCEx_PeriphCLKConfig
                0x08001f5c      0x43c ./Drivers/STM32F3xx_HAL_Driver/Src/stm32f3xx_hal_rcc_ex.o
                0x08001f5c                HAL_RCCEx_PeriphCLKConfig
 .text.memset   0x08002398       0x10 C:/ST/STM32CubeIDE_1.15.0/STM32CubeIDE/plugins/com.st.stm32cube.ide.mcu.externaltools.gnu-tools-for-stm32.12.3.rel1.win32_1.0.100.202403111256/tools/bin/../lib/gcc/arm-none-eabi/12.3.1/../../../../arm-none-eabi/lib/thumb/v7e-m+fp/hard\libc_nano.a(libc_a-memset.o)
                0x08002398                memset
 .text.__libc_init_array
                0x080023a8       0x48 C:/ST/STM32CubeIDE_1.15.0/STM32CubeIDE/plugins/com.st.stm32cube.ide.mcu.externaltools.gnu-tools-for-stm32.12.3.rel1.win32_1.0.100.202403111256/tools/bin/../lib/gcc/arm-none-eabi/12.3.1/../../../../arm-none-eabi/lib/thumb/v7e-m+fp/hard\libc_nano.a(libc_a-init.o)
                0x080023a8                __libc_init_array
 *(.glue_7)
 .glue_7        0x080023f0        0x0 linker stubs
 *(.glue_7t)
 .glue_7t       0x080023f0        0x0 linker stubs
 *(.eh_frame)
 .eh_frame      0x080023f0        0x0 C:/ST/STM32CubeIDE_1.15.0/STM32CubeIDE/plugins/com.st.stm32cube.ide.mcu.externaltools.gnu-tools-for-stm32.12.3.rel1.win32_1.0.100.202403111256/tools/bin/../lib/gcc/arm-none-eabi/12.3.1/thumb/v7e-m+fp/hard/crtbegin.o
 *(.init)
 .init          0x080023f0        0x4 C:/ST/STM32CubeIDE_1.15.0/STM32CubeIDE/plugins/com.st.stm32cube.ide.mcu.externaltools.gnu-tools-for-stm32.12.3.rel1.win32_1.0.100.202403111256/tools/bin/../lib/gcc/arm-none-eabi/12.3.1/thumb/v7e-m+fp/hard/crti.o
                0x080023f0                _init
 .init          0x080023f4        0x8 C:/ST/STM32CubeIDE_1.15.0/STM32CubeIDE/plugins/com.st.stm32cube.ide.mcu.externaltools.gnu-tools-for-stm32.12.3.rel1.win32_1.0.100.202403111256/tools/bin/../lib/gcc/arm-none-eabi/12.3.1/thumb/v7e-m+fp/hard/crtn.o
 *(.fini)
 .fini          0x080023fc        0x4 C:/ST/STM32CubeIDE_1.15.0/STM32CubeIDE/plugins/com.st.stm32cube.ide.mcu.externaltools.gnu-tools-for-stm32.12.3.rel1.win32_1.0.100.202403111256/tools/bin/../lib/gcc/arm-none-eabi/12.3.1/thumb/v7e-m+fp/hard/crti.o
                0x080023fc                _fini
 .fini          0x08002400        0x8 C:/ST/STM32CubeIDE_1.15.0/STM32CubeIDE/plugins/com.st.stm32cube.ide.mcu.externaltools.gnu-tools-for-stm32.12.3.rel1.win32_1.0.100.202403111256/tools/bin/../lib/gcc/arm-none-eabi/12.3.1/thumb/v7e-m+fp/hard/crtn.o
                0x08002408                        . = ALIGN (0x4)
                0x08002408                        _etext = .

.vfp11_veneer   0x08002408        0x0
 .vfp11_veneer  0x08002408        0x0 linker stubs

.v4_bx          0x08002408        0x0
 .v4_bx         0x08002408        0x0 linker stubs

.iplt           0x08002408        0x0
 .iplt          0x08002408        0x0 C:/ST/STM32CubeIDE_1.15.0/STM32CubeIDE/plugins/com.st.stm32cube.ide.mcu.externaltools.gnu-tools-for-stm32.12.3.rel1.win32_1.0.100.202403111256/tools/bin/../lib/gcc/arm-none-eabi/12.3.1/thumb/v7e-m+fp/hard/crtbegin.o

.rodata         0x08002408       0x30
                0x08002408                        . = ALIGN (0x4)
 *(.rodata)
 *(.rodata*)
 .rodata.AHBPrescTable
                0x08002408       0x10 ./Core/Src/system_stm32f3xx.o
                0x08002408                AHBPrescTable
 .rodata.aPLLMULFactorTable
                0x08002418       0x10 ./Drivers/STM32F3xx_HAL_Driver/Src/stm32f3xx_hal_rcc.o
 .rodata.aPredivFactorTable
                0x08002428       0x10 ./Drivers/STM32F3xx_HAL_Driver/Src/stm32f3xx_hal_rcc.o
                0x08002438                        . = ALIGN (0x4)

.ARM.extab      0x08002438        0x0
                0x08002438                        . = ALIGN (0x4)
 *(.ARM.extab* .gnu.linkonce.armextab.*)
                0x08002438                        . = ALIGN (0x4)

.ARM            0x08002438        0x0
                0x08002438                        . = ALIGN (0x4)
                0x08002438                        __exidx_start = .
 *(.ARM.exidx*)
                0x08002438                        __exidx_end = .
                0x08002438                        . = ALIGN (0x4)

.preinit_array  0x08002438        0x0
                0x08002438                        . = ALIGN (0x4)
                0x08002438                        PROVIDE (__preinit_array_start = .)
 *(.preinit_array*)
                0x08002438                        PROVIDE (__preinit_array_end = .)
                0x08002438                        . = ALIGN (0x4)

.init_array     0x08002438        0x4
                0x08002438                        . = ALIGN (0x4)
                0x08002438                        PROVIDE (__init_array_start = .)
 *(SORT_BY_NAME(.init_array.*))
 *(.init_array*)
 .init_array    0x08002438        0x4 C:/ST/STM32CubeIDE_1.15.0/STM32CubeIDE/plugins/com.st.stm32cube.ide.mcu.externaltools.gnu-tools-for-stm32.12.3.rel1.win32_1.0.100.202403111256/tools/bin/../lib/gcc/arm-none-eabi/12.3.1/thumb/v7e-m+fp/hard/crtbegin.o
                0x0800243c                        PROVIDE (__init_array_end = .)
                0x0800243c                        . = ALIGN (0x4)

.fini_array     0x0800243c        0x4
                0x0800243c                        . = ALIGN (0x4)
                [!provide]                        PROVIDE (__fini_array_start = .)
 *(SORT_BY_NAME(.fini_array.*))
 *(.fini_array*)
 .fini_array    0x0800243c        0x4 C:/ST/STM32CubeIDE_1.15.0/STM32CubeIDE/plugins/com.st.stm32cube.ide.mcu.externaltools.gnu-tools-for-stm32.12.3.rel1.win32_1.0.100.202403111256/tools/bin/../lib/gcc/arm-none-eabi/12.3.1/thumb/v7e-m+fp/hard/crtbegin.o
                [!provide]                        PROVIDE (__fini_array_end = .)
                0x08002440                        . = ALIGN (0x4)
                0x08002440                        _sidata = LOADADDR (.data)

.rel.dyn        0x08002440        0x0
 .rel.iplt      0x08002440        0x0 C:/ST/STM32CubeIDE_1.15.0/STM32CubeIDE/plugins/com.st.stm32cube.ide.mcu.externaltools.gnu-tools-for-stm32.12.3.rel1.win32_1.0.100.202403111256/tools/bin/../lib/gcc/arm-none-eabi/12.3.1/thumb/v7e-m+fp/hard/crtbegin.o

.data           0x20000000        0xc load address 0x08002440
                0x20000000                        . = ALIGN (0x4)
                0x20000000                        _sdata = .
 *(.data)
 *(.data*)
 .data.SystemCoreClock
                0x20000000        0x4 ./Core/Src/system_stm32f3xx.o
                0x20000000                SystemCoreClock
 .data.uwTickPrio
                0x20000004        0x4 ./Drivers/STM32F3xx_HAL_Driver/Src/stm32f3xx_hal.o
                0x20000004                uwTickPrio
 .data.uwTickFreq
                0x20000008        0x1 ./Drivers/STM32F3xx_HAL_Driver/Src/stm32f3xx_hal.o
                0x20000008                uwTickFreq
 *(.RamFunc)
 *(.RamFunc*)
                0x2000000c                        . = ALIGN (0x4)
 *fill*         0x20000009        0x3 
                0x2000000c                        _edata = .
                0x0800244c                        _siccmram = LOADADDR (.ccmram)

.igot.plt       0x2000000c        0x0 load address 0x0800244c
 .igot.plt      0x2000000c        0x0 C:/ST/STM32CubeIDE_1.15.0/STM32CubeIDE/plugins/com.st.stm32cube.ide.mcu.externaltools.gnu-tools-for-stm32.12.3.rel1.win32_1.0.100.202403111256/tools/bin/../lib/gcc/arm-none-eabi/12.3.1/thumb/v7e-m+fp/hard/crtbegin.o

.ccmram         0x10000000        0x0 load address 0x0800244c
                0x10000000                        . = ALIGN (0x4)
                0x10000000                        _sccmram = .
 *(.ccmram)
 *(.ccmram*)
                0x10000000                        . = ALIGN (0x4)
                0x10000000                        _eccmram = .
                0x10000000                        . = ALIGN (0x4)

.bss            0x2000000c       0xc0
                0x2000000c                        _sbss = .
                0x2000000c                        __bss_start__ = _sbss
 *(.bss)
 .bss           0x2000000c       0x1c C:/ST/STM32CubeIDE_1.15.0/STM32CubeIDE/plugins/com.st.stm32cube.ide.mcu.externaltools.gnu-tools-for-stm32.12.3.rel1.win32_1.0.100.202403111256/tools/bin/../lib/gcc/arm-none-eabi/12.3.1/thumb/v7e-m+fp/hard/crtbegin.o
 *(.bss*)
 .bss.start_time2
                0x20000028        0x4 ./Core/Src/main.o
                0x20000028                start_time2
 .bss.end_time2
                0x2000002c        0x4 ./Core/Src/main.o
                0x2000002c                end_time2
 .bss.start_time
                0x20000030        0x4 ./Core/Src/main.o
                0x20000030                start_time
 .bss.end_time  0x20000034        0x4 ./Core/Src/main.o
                0x20000034                end_time
 .bss.counter   0x20000038        0x4 ./Core/Src/main.o
                0x20000038                counter
 .bss.huart2    0x2000003c       0x88 ./Core/Src/main.o
                0x2000003c                huart2
 .bss.debounce_done
                0x200000c4        0x1 ./Core/Src/main.o
                0x200000c4                debounce_done
 *fill*         0x200000c5        0x3 
 .bss.uwTick    0x200000c8        0x4 ./Drivers/STM32F3xx_HAL_Driver/Src/stm32f3xx_hal.o
                0x200000c8                uwTick
 *(COMMON)
                0x200000cc                        . = ALIGN (0x4)
                0x200000cc                        _ebss = .
                0x200000cc                        __bss_end__ = _ebss

._user_heap_stack
                0x200000cc      0x604
                0x200000d0                        . = ALIGN (0x8)
 *fill*         0x200000cc        0x4 
                [!provide]                        PROVIDE (end = .)
                0x200000d0                        PROVIDE (_end = .)
                0x200002d0                        . = (. + _Min_Heap_Size)
 *fill*         0x200000d0      0x200 
                0x200006d0                        . = (. + _Min_Stack_Size)
 *fill*         0x200002d0      0x400 
                0x200006d0                        . = ALIGN (0x8)

/DISCARD/
 libc.a(*)
 libm.a(*)
 libgcc.a(*)

.ARM.attributes
                0x00000000       0x30
 *(.ARM.attributes)
 .ARM.attributes
                0x00000000       0x22 C:/ST/STM32CubeIDE_1.15.0/STM32CubeIDE/plugins/com.st.stm32cube.ide.mcu.externaltools.gnu-tools-for-stm32.12.3.rel1.win32_1.0.100.202403111256/tools/bin/../lib/gcc/arm-none-eabi/12.3.1/thumb/v7e-m+fp/hard/crti.o
 .ARM.attributes
                0x00000022       0x34 C:/ST/STM32CubeIDE_1.15.0/STM32CubeIDE/plugins/com.st.stm32cube.ide.mcu.externaltools.gnu-tools-for-stm32.12.3.rel1.win32_1.0.100.202403111256/tools/bin/../lib/gcc/arm-none-eabi/12.3.1/thumb/v7e-m+fp/hard/crtbegin.o
 .ARM.attributes
                0x00000056       0x34 ./Core/Src/main.o
 .ARM.attributes
                0x0000008a       0x34 ./Core/Src/stm32f3xx_hal_msp.o
 .ARM.attributes
                0x000000be       0x34 ./Core/Src/stm32f3xx_it.o
 .ARM.attributes
                0x000000f2       0x34 ./Core/Src/system_stm32f3xx.o
 .ARM.attributes
                0x00000126       0x21 ./Core/Startup/startup_stm32f303retx.o
 .ARM.attributes
                0x00000147       0x34 ./Drivers/STM32F3xx_HAL_Driver/Src/stm32f3xx_hal.o
 .ARM.attributes
                0x0000017b       0x34 ./Drivers/STM32F3xx_HAL_Driver/Src/stm32f3xx_hal_cortex.o
 .ARM.attributes
                0x000001af       0x34 ./Drivers/STM32F3xx_HAL_Driver/Src/stm32f3xx_hal_rcc.o
 .ARM.attributes
                0x000001e3       0x34 ./Drivers/STM32F3xx_HAL_Driver/Src/stm32f3xx_hal_rcc_ex.o
 .ARM.attributes
                0x00000217       0x34 C:/ST/STM32CubeIDE_1.15.0/STM32CubeIDE/plugins/com.st.stm32cube.ide.mcu.externaltools.gnu-tools-for-stm32.12.3.rel1.win32_1.0.100.202403111256/tools/bin/../lib/gcc/arm-none-eabi/12.3.1/../../../../arm-none-eabi/lib/thumb/v7e-m+fp/hard\libc_nano.a(libc_a-memset.o)
 .ARM.attributes
                0x0000024b       0x34 C:/ST/STM32CubeIDE_1.15.0/STM32CubeIDE/plugins/com.st.stm32cube.ide.mcu.externaltools.gnu-tools-for-stm32.12.3.rel1.win32_1.0.100.202403111256/tools/bin/../lib/gcc/arm-none-eabi/12.3.1/../../../../arm-none-eabi/lib/thumb/v7e-m+fp/hard\libc_nano.a(libc_a-init.o)
 .ARM.attributes
                0x0000027f       0x22 C:/ST/STM32CubeIDE_1.15.0/STM32CubeIDE/plugins/com.st.stm32cube.ide.mcu.externaltools.gnu-tools-for-stm32.12.3.rel1.win32_1.0.100.202403111256/tools/bin/../lib/gcc/arm-none-eabi/12.3.1/thumb/v7e-m+fp/hard/crtn.o
OUTPUT(ESP.elf elf32-littlearm)
LOAD linker stubs
LOAD C:/ST/STM32CubeIDE_1.15.0/STM32CubeIDE/plugins/com.st.stm32cube.ide.mcu.externaltools.gnu-tools-for-stm32.12.3.rel1.win32_1.0.100.202403111256/tools/bin/../lib/gcc/arm-none-eabi/12.3.1/../../../../arm-none-eabi/lib/thumb/v7e-m+fp/hard\libc.a
LOAD C:/ST/STM32CubeIDE_1.15.0/STM32CubeIDE/plugins/com.st.stm32cube.ide.mcu.externaltools.gnu-tools-for-stm32.12.3.rel1.win32_1.0.100.202403111256/tools/bin/../lib/gcc/arm-none-eabi/12.3.1/../../../../arm-none-eabi/lib/thumb/v7e-m+fp/hard\libm.a
LOAD C:/ST/STM32CubeIDE_1.15.0/STM32CubeIDE/plugins/com.st.stm32cube.ide.mcu.externaltools.gnu-tools-for-stm32.12.3.rel1.win32_1.0.100.202403111256/tools/bin/../lib/gcc/arm-none-eabi/12.3.1/thumb/v7e-m+fp/hard\libgcc.a

.debug_info     0x00000000     0x4be6
 .debug_info    0x00000000     0x1542 ./Core/Src/main.o
 .debug_info    0x00001542      0x18d ./Core/Src/stm32f3xx_hal_msp.o
 .debug_info    0x000016cf      0x113 ./Core/Src/stm32f3xx_it.o
 .debug_info    0x000017e2      0x407 ./Core/Src/system_stm32f3xx.o
 .debug_info    0x00001be9       0x30 ./Core/Startup/startup_stm32f303retx.o
 .debug_info    0x00001c19      0x804 ./Drivers/STM32F3xx_HAL_Driver/Src/stm32f3xx_hal.o
 .debug_info    0x0000241d      0xd14 ./Drivers/STM32F3xx_HAL_Driver/Src/stm32f3xx_hal_cortex.o
 .debug_info    0x00003131     0x149a ./Drivers/STM32F3xx_HAL_Driver/Src/stm32f3xx_hal_rcc.o
 .debug_info    0x000045cb      0x61b ./Drivers/STM32F3xx_HAL_Driver/Src/stm32f3xx_hal_rcc_ex.o

.debug_abbrev   0x00000000     0x1010
 .debug_abbrev  0x00000000      0x345 ./Core/Src/main.o
 .debug_abbrev  0x00000345       0xc6 ./Core/Src/stm32f3xx_hal_msp.o
 .debug_abbrev  0x0000040b       0x73 ./Core/Src/stm32f3xx_it.o
 .debug_abbrev  0x0000047e      0x11a ./Core/Src/system_stm32f3xx.o
 .debug_abbrev  0x00000598       0x24 ./Core/Startup/startup_stm32f303retx.o
 .debug_abbrev  0x000005bc      0x215 ./Drivers/STM32F3xx_HAL_Driver/Src/stm32f3xx_hal.o
 .debug_abbrev  0x000007d1      0x31e ./Drivers/STM32F3xx_HAL_Driver/Src/stm32f3xx_hal_cortex.o
 .debug_abbrev  0x00000aef      0x300 ./Drivers/STM32F3xx_HAL_Driver/Src/stm32f3xx_hal_rcc.o
 .debug_abbrev  0x00000def      0x221 ./Drivers/STM32F3xx_HAL_Driver/Src/stm32f3xx_hal_rcc_ex.o

.debug_aranges  0x00000000      0x410
 .debug_aranges
                0x00000000       0x78 ./Core/Src/main.o
 .debug_aranges
                0x00000078       0x20 ./Core/Src/stm32f3xx_hal_msp.o
 .debug_aranges
                0x00000098       0x60 ./Core/Src/stm32f3xx_it.o
 .debug_aranges
                0x000000f8       0x28 ./Core/Src/system_stm32f3xx.o
 .debug_aranges
                0x00000120       0x28 ./Core/Startup/startup_stm32f303retx.o
 .debug_aranges
                0x00000148       0xe0 ./Drivers/STM32F3xx_HAL_Driver/Src/stm32f3xx_hal.o
 .debug_aranges
                0x00000228      0x128 ./Drivers/STM32F3xx_HAL_Driver/Src/stm32f3xx_hal_cortex.o
 .debug_aranges
                0x00000350       0x88 ./Drivers/STM32F3xx_HAL_Driver/Src/stm32f3xx_hal_rcc.o
 .debug_aranges
                0x000003d8       0x38 ./Drivers/STM32F3xx_HAL_Driver/Src/stm32f3xx_hal_rcc_ex.o

.debug_rnglists
                0x00000000      0x2ef
 .debug_rnglists
                0x00000000       0x5a ./Core/Src/main.o
 .debug_rnglists
                0x0000005a       0x13 ./Core/Src/stm32f3xx_hal_msp.o
 .debug_rnglists
                0x0000006d       0x43 ./Core/Src/stm32f3xx_it.o
 .debug_rnglists
                0x000000b0       0x1a ./Core/Src/system_stm32f3xx.o
 .debug_rnglists
                0x000000ca       0x19 ./Core/Startup/startup_stm32f303retx.o
 .debug_rnglists
                0x000000e3       0xa3 ./Drivers/STM32F3xx_HAL_Driver/Src/stm32f3xx_hal.o
 .debug_rnglists
                0x00000186       0xda ./Drivers/STM32F3xx_HAL_Driver/Src/stm32f3xx_hal_cortex.o
 .debug_rnglists
                0x00000260       0x66 ./Drivers/STM32F3xx_HAL_Driver/Src/stm32f3xx_hal_rcc.o
 .debug_rnglists
                0x000002c6       0x29 ./Drivers/STM32F3xx_HAL_Driver/Src/stm32f3xx_hal_rcc_ex.o

.debug_macro    0x00000000    0x1e8b4
 .debug_macro   0x00000000      0x1cb ./Core/Src/main.o
 .debug_macro   0x000001cb      0xab4 ./Core/Src/main.o
 .debug_macro   0x00000c7f      0x14b ./Core/Src/main.o
 .debug_macro   0x00000dca       0x2e ./Core/Src/main.o
 .debug_macro   0x00000df8       0x28 ./Core/Src/main.o
 .debug_macro   0x00000e20       0x22 ./Core/Src/main.o
 .debug_macro   0x00000e42       0x8e ./Core/Src/main.o
 .debug_macro   0x00000ed0       0x51 ./Core/Src/main.o
 .debug_macro   0x00000f21      0x103 ./Core/Src/main.o
 .debug_macro   0x00001024       0x6a ./Core/Src/main.o
 .debug_macro   0x0000108e      0x1df ./Core/Src/main.o
 .debug_macro   0x0000126d       0x1c ./Core/Src/main.o
 .debug_macro   0x00001289       0x22 ./Core/Src/main.o
 .debug_macro   0x000012ab       0xd9 ./Core/Src/main.o
 .debug_macro   0x00001384     0x102d ./Core/Src/main.o
 .debug_macro   0x000023b1      0x11f ./Core/Src/main.o
 .debug_macro   0x000024d0    0x1535a ./Core/Src/main.o
 .debug_macro   0x0001782a       0x6d ./Core/Src/main.o
 .debug_macro   0x00017897     0x3574 ./Core/Src/main.o
 .debug_macro   0x0001ae0b      0x189 ./Core/Src/main.o
 .debug_macro   0x0001af94       0x55 ./Core/Src/main.o
 .debug_macro   0x0001afe9      0x953 ./Core/Src/main.o
 .debug_macro   0x0001b93c      0x84a ./Core/Src/main.o
 .debug_macro   0x0001c186      0x1b5 ./Core/Src/main.o
 .debug_macro   0x0001c33b      0x23a ./Core/Src/main.o
 .debug_macro   0x0001c575      0x1ea ./Core/Src/main.o
 .debug_macro   0x0001c75f      0x1bc ./Core/Src/main.o
 .debug_macro   0x0001c91b       0x30 ./Core/Src/main.o
 .debug_macro   0x0001c94b       0x3c ./Core/Src/main.o
 .debug_macro   0x0001c987      0x235 ./Core/Src/main.o
 .debug_macro   0x0001cbbc       0xc5 ./Core/Src/main.o
 .debug_macro   0x0001cc81      0x21d ./Core/Src/main.o
 .debug_macro   0x0001ce9e      0x22c ./Core/Src/main.o
 .debug_macro   0x0001d0ca       0x5b ./Core/Src/main.o
 .debug_macro   0x0001d125       0xa5 ./Core/Src/main.o
 .debug_macro   0x0001d1ca       0x81 ./Core/Src/main.o
 .debug_macro   0x0001d24b       0xd3 ./Core/Src/main.o
 .debug_macro   0x0001d31e      0x347 ./Core/Src/main.o
 .debug_macro   0x0001d665      0x5ba ./Core/Src/main.o
 .debug_macro   0x0001dc1f       0x44 ./Core/Src/main.o
 .debug_macro   0x0001dc63       0x22 ./Core/Src/main.o
 .debug_macro   0x0001dc85      0x1b9 ./Core/Src/stm32f3xx_hal_msp.o
 .debug_macro   0x0001de3e      0x1c3 ./Core/Src/stm32f3xx_it.o
 .debug_macro   0x0001e001      0x1af ./Core/Src/system_stm32f3xx.o
 .debug_macro   0x0001e1b0      0x1d3 ./Drivers/STM32F3xx_HAL_Driver/Src/stm32f3xx_hal.o
 .debug_macro   0x0001e383      0x1af ./Drivers/STM32F3xx_HAL_Driver/Src/stm32f3xx_hal_cortex.o
 .debug_macro   0x0001e532      0x1d3 ./Drivers/STM32F3xx_HAL_Driver/Src/stm32f3xx_hal_rcc.o
 .debug_macro   0x0001e705      0x1af ./Drivers/STM32F3xx_HAL_Driver/Src/stm32f3xx_hal_rcc_ex.o

.debug_line     0x00000000     0x5a7c
 .debug_line    0x00000000      0xab7 ./Core/Src/main.o
 .debug_line    0x00000ab7      0x715 ./Core/Src/stm32f3xx_hal_msp.o
 .debug_line    0x000011cc      0x7d8 ./Core/Src/stm32f3xx_it.o
 .debug_line    0x000019a4      0x794 ./Core/Src/system_stm32f3xx.o
 .debug_line    0x00002138       0x7a ./Core/Startup/startup_stm32f303retx.o
 .debug_line    0x000021b2      0x9c7 ./Drivers/STM32F3xx_HAL_Driver/Src/stm32f3xx_hal.o
 .debug_line    0x00002b79      0xcb4 ./Drivers/STM32F3xx_HAL_Driver/Src/stm32f3xx_hal_cortex.o
 .debug_line    0x0000382d     0x1373 ./Drivers/STM32F3xx_HAL_Driver/Src/stm32f3xx_hal_rcc.o
 .debug_line    0x00004ba0      0xedc ./Drivers/STM32F3xx_HAL_Driver/Src/stm32f3xx_hal_rcc_ex.o

.debug_str      0x00000000    0xbb970
 .debug_str     0x00000000    0xbad4e ./Core/Src/main.o
                              0xbb5f6 (size before relaxing)
 .debug_str     0x000bad4e       0x3d ./Core/Src/stm32f3xx_hal_msp.o
                              0xb6278 (size before relaxing)
 .debug_str     0x000bad8b       0xc9 ./Core/Src/stm32f3xx_it.o
                              0xb62a7 (size before relaxing)
 .debug_str     0x000bae54       0x8b ./Core/Src/system_stm32f3xx.o
                              0xb6336 (size before relaxing)
 .debug_str     0x000baedf       0x44 ./Core/Startup/startup_stm32f303retx.o
                                 0x7b (size before relaxing)
 .debug_str     0x000baf23      0x39a ./Drivers/STM32F3xx_HAL_Driver/Src/stm32f3xx_hal.o
                              0xb6bdf (size before relaxing)
 .debug_str     0x000bb2bd      0x2e4 ./Drivers/STM32F3xx_HAL_Driver/Src/stm32f3xx_hal_cortex.o
                              0xb6c63 (size before relaxing)
 .debug_str     0x000bb5a1      0x311 ./Drivers/STM32F3xx_HAL_Driver/Src/stm32f3xx_hal_rcc.o
                              0xb67da (size before relaxing)
 .debug_str     0x000bb8b2       0xbe ./Drivers/STM32F3xx_HAL_Driver/Src/stm32f3xx_hal_rcc_ex.o
                              0xb6624 (size before relaxing)

.comment        0x00000000       0x43
 .comment       0x00000000       0x43 ./Core/Src/main.o
                                 0x44 (size before relaxing)
 .comment       0x00000043       0x44 ./Core/Src/stm32f3xx_hal_msp.o
 .comment       0x00000043       0x44 ./Core/Src/stm32f3xx_it.o
 .comment       0x00000043       0x44 ./Core/Src/system_stm32f3xx.o
 .comment       0x00000043       0x44 ./Drivers/STM32F3xx_HAL_Driver/Src/stm32f3xx_hal.o
 .comment       0x00000043       0x44 ./Drivers/STM32F3xx_HAL_Driver/Src/stm32f3xx_hal_cortex.o
 .comment       0x00000043       0x44 ./Drivers/STM32F3xx_HAL_Driver/Src/stm32f3xx_hal_rcc.o
 .comment       0x00000043       0x44 ./Drivers/STM32F3xx_HAL_Driver/Src/stm32f3xx_hal_rcc_ex.o

.debug_frame    0x00000000      0xe6c
 .debug_frame   0x00000000      0x1ac ./Core/Src/main.o
 .debug_frame   0x000001ac       0x38 ./Core/Src/stm32f3xx_hal_msp.o
 .debug_frame   0x000001e4      0x104 ./Core/Src/stm32f3xx_it.o
 .debug_frame   0x000002e8       0x58 ./Core/Src/system_stm32f3xx.o
 .debug_frame   0x00000340      0x334 ./Drivers/STM32F3xx_HAL_Driver/Src/stm32f3xx_hal.o
 .debug_frame   0x00000674      0x4e8 ./Drivers/STM32F3xx_HAL_Driver/Src/stm32f3xx_hal_cortex.o
 .debug_frame   0x00000b5c      0x214 ./Drivers/STM32F3xx_HAL_Driver/Src/stm32f3xx_hal_rcc.o
 .debug_frame   0x00000d70       0xb0 ./Drivers/STM32F3xx_HAL_Driver/Src/stm32f3xx_hal_rcc_ex.o
 .debug_frame   0x00000e20       0x20 C:/ST/STM32CubeIDE_1.15.0/STM32CubeIDE/plugins/com.st.stm32cube.ide.mcu.externaltools.gnu-tools-for-stm32.12.3.rel1.win32_1.0.100.202403111256/tools/bin/../lib/gcc/arm-none-eabi/12.3.1/../../../../arm-none-eabi/lib/thumb/v7e-m+fp/hard\libc_nano.a(libc_a-memset.o)
 .debug_frame   0x00000e40       0x2c C:/ST/STM32CubeIDE_1.15.0/STM32CubeIDE/plugins/com.st.stm32cube.ide.mcu.externaltools.gnu-tools-for-stm32.12.3.rel1.win32_1.0.100.202403111256/tools/bin/../lib/gcc/arm-none-eabi/12.3.1/../../../../arm-none-eabi/lib/thumb/v7e-m+fp/hard\libc_nano.a(libc_a-init.o)

.debug_line_str
                0x00000000       0x5f
 .debug_line_str
                0x00000000       0x5f ./Core/Startup/startup_stm32f303retx.o
