../Drivers/CMSIS/Include/core_cm4.h:1688:22:__NVIC_EnableIRQ	16	static
../Drivers/CMSIS/Include/core_cm4.h:1816:22:__NVIC_SetPriority	16	static
../Core/Src/main.c:99:6:UART_print	16	static
../Core/Src/main.c:111:6:UART_print_formatted	80	static
../Core/Src/main.c:121:6:TIM4_IRQHandler	4	static
../Core/Src/main.c:159:6:TIM3_Configuration	4	static
../Core/Src/main.c:188:6:Timer4_Init	8	static
../Core/Src/main.c:228:6:calculateNewEncoderAngle	32	static
../Core/Src/main.c:268:6:updateMotorSpeed	32	static
../Core/Src/main.c:280:5:main	72	static
../Core/Src/main.c:353:6:SystemClock_Config	160	static
../Core/Src/main.c:399:13:MX_USART2_UART_Init	8	static
../Core/Src/main.c:433:13:MX_GPIO_Init	48	static
../Core/Src/main.c:472:6:Error_Handler	4	static,ignoring_inline_asm
