../Drivers/CMSIS/Include/core_cm4.h:1688:22:__NVIC_EnableIRQ	16	static
../Drivers/CMSIS/Include/core_cm4.h:1816:22:__NVIC_SetPriority	16	static
../Core/Src/main.c:89:6:UART_print	16	static
../Core/Src/main.c:101:6:UART_print_formatted	80	static
../Core/Src/main.c:111:6:TIM4_IRQHandler	4	static
../Core/Src/main.c:143:6:TIM3_Configuration	4	static
../Core/Src/main.c:173:6:Timer4_Init	8	static
../Core/Src/main.c:244:5:main	24	static
../Core/Src/main.c:320:7:myPD	48	static
../Core/Src/main.c:339:6:SystemClock_Config	160	static
../Core/Src/main.c:386:13:MX_USART2_UART_Init	8	static
../Core/Src/main.c:421:13:MX_GPIO_Init	48	static
../Core/Src/main.c:460:6:Error_Handler	4	static,ignoring_inline_asm
